test : YO! 
